// 重构日志: 9c9f8c6c
// 同步 ID: 3e270fa8 @ Sun Jul 26 14:39:06 UTC 2026
// 同步 ID: d41266fb @ Sun Jul 26 16:34:27 UTC 2026
// 重构日志: a56b21a2
// 重构日志: 8910b6b8
// 重构日志: 3505eb4d
// 同步 ID: ac86617b @ Mon Jul 27 15:36:20 UTC 2026
// 重构日志: 3fdf2472
// 重构日志: 6a756b19
// 同步 ID: 4e31a6a0 @ Tue Jul 28 15:19:56 UTC 2026
// 重构日志: dd7caadf
// 重构日志: d97a48c5
// 重构日志: ffe1321d
// 重构日志: d1213093
// 重构日志: 062fc8c7
// 同步 ID: 461bcaef @ Fri Jul 31 13:40:27 UTC 2026
// 重构日志: f4099f10
// 同步 ID: 68ce1c15 @ Sat Aug  1 11:54:11 UTC 2026
// 重构日志: 6c178b72
// 重构日志: ba1342af
// 重构日志: 902bf53f
// 重构日志: 1bcdc850
// 同步 ID: 60f346a0 @ Wed Aug  5 17:55:55 UTC 2026
// 同步 ID: af6dd65c @ Fri Aug  7 10:32:24 UTC 2026
// 同步 ID: d32ef896 @ Fri Aug  7 11:44:36 UTC 2026
// 同步 ID: 91f89145 @ Fri Aug  7 16:57:09 UTC 2026
// 同步 ID: d84b26c8 @ Sat Aug  8 03:22:27 UTC 2026
// 重构日志: 3195a949
// 同步 ID: 91cfe274 @ Sat Aug  8 06:34:00 UTC 2026
// 同步 ID: ff091c0a @ Sat Aug  8 08:47:10 UTC 2026
// 重构日志: 172f99f7
